// Vitest Snapshot v1, https://vitest.dev/guide/snapshot.html

exports[`import flow from an exported JSON file > import a valid flow 1`] = `
{
  "children": [
    {
      "81HAL73ElW": [],
    },
    {
      "Hz22QyhCpj": [],
    },
    {
      "THgI9WvsJh": [
        "transactional",
      ],
    },
  ],
  "edges": [
    {
      "id": "reactflow__edge-81HAL73ElWoutput-Hz22QyhCpjinput",
      "source": "81HAL73ElW",
      "sourceHandle": "output",
      "target": "Hz22QyhCpj",
      "targetHandle": "input",
    },
    {
      "id": "reactflow__edge-Hz22QyhCpjoutput-THgI9WvsJhinput",
      "source": "Hz22QyhCpj",
      "sourceHandle": "output",
      "target": "THgI9WvsJh",
      "targetHandle": "input",
    },
  ],
  "nodes": [
    {
      "data": {
        "eipId": {
          "name": "inbound-gateway",
          "namespace": "web-services",
        },
        "label": "ws-in",
      },
      "dragging": false,
      "height": 124,
      "id": "81HAL73ElW",
      "position": {
        "x": 0,
        "y": 0,
      },
      "positionAbsolute": {
        "x": 0,
        "y": 0,
      },
      "selected": false,
      "sourcePosition": "right",
      "targetPosition": "left",
      "type": "eipNode",
      "width": 128,
    },
    {
      "data": {
        "eipId": {
          "name": "transformer",
          "namespace": "integration",
        },
      },
      "dragging": false,
      "height": 87,
      "id": "Hz22QyhCpj",
      "position": {
        "x": 203,
        "y": 18.5,
      },
      "positionAbsolute": {
        "x": 203,
        "y": 18.5,
      },
      "selected": false,
      "sourcePosition": "right",
      "targetPosition": "left",
      "type": "eipNode",
      "width": 99,
    },
    {
      "data": {
        "eipId": {
          "name": "outbound-gateway",
          "namespace": "http",
        },
      },
      "dragging": false,
      "height": 121,
      "id": "THgI9WvsJh",
      "position": {
        "x": 377,
        "y": 5.5,
      },
      "positionAbsolute": {
        "x": 377,
        "y": 5.5,
      },
      "selected": false,
      "sourcePosition": "right",
      "targetPosition": "left",
      "type": "eipNode",
      "width": 109,
    },
  ],
}
`;
